******************************************************************************
                  TI ARM Linker PC v20.2.5                     
******************************************************************************
>> Linked Fri Nov 26 12:42:47 2021

OUTPUT FILE NAME:   <Proyecto_Final.out>
ENTRY POINT SYMBOL: "_c_int00_noargs"  address: 000008b9


MEMORY CONFIGURATION

         name            origin    length      used     unused   attr    fill
----------------------  --------  ---------  --------  --------  ----  --------
  FLASH                 00000000   00040000  00000ade  0003f522  R  X
  SRAM                  20000000   00008000  00000201  00007dff  RW X


SEGMENT ALLOCATION MAP

run origin  load origin   length   init length attrs members
----------  ----------- ---------- ----------- ----- -------
00000000    00000000    00000ae0   00000ae0    r-x
  00000000    00000000    0000026c   0000026c    r-- .intvecs
  0000026c    0000026c    0000075e   0000075e    r-x .text
  000009cc    000009cc    000000fc   000000fc    r-- .const
  00000ac8    00000ac8    00000018   00000018    r-- .cinit
20000000    20000000    00000201   00000000    rw-
  20000000    20000000    00000200   00000000    rw- .stack
  20000200    20000200    00000001   00000000    rw- .data


SECTION ALLOCATION MAP

 output                                  attributes/
section   page    origin      length       input sections
--------  ----  ----------  ----------   ----------------
.intvecs   0    00000000    0000026c     
                  00000000    0000026c     tm4c123gh6pm_startup_ccs.obj (.intvecs)

.text      0    0000026c    0000075e     
                  0000026c    00000132     driverlib.lib : gpio.obj (.text:GPIOPadConfigSet)
                  0000039e    00000002     --HOLE-- [fill = 0]
                  000003a0    00000110                   : sysctl.obj (.text:SysCtlClockGet)
                  000004b0    00000108     main.obj (.text)
                  000005b8    000000f4     driverlib.lib : sysctl.obj (.text:SysCtlClockSet)
                  000006ac    0000009c     rtsv7M4_T_le_v4SPD16_eabi.lib : memcpy_t2.asm.obj (.text)
                  00000748    00000068                                   : copy_decompress_lzss.c.obj (.text:decompress:lzss:__TI_decompress_lzss)
                  000007b0    00000048     driverlib.lib : gpio.obj (.text:GPIOPinConfigure)
                  000007f8    00000046                   : uart.obj (.text:UARTConfigSetExpClk)
                  0000083e    00000002     --HOLE-- [fill = 0]
                  00000840    00000044     rtsv7M4_T_le_v4SPD16_eabi.lib : autoinit.c.obj (.text:__TI_auto_init_nobinit_nopinit:__TI_auto_init_nobinit_nopinit)
                  00000884    00000034     driverlib.lib : sysctl.obj (.text:SysCtlPeripheralEnable)
                  000008b8    00000034     rtsv7M4_T_le_v4SPD16_eabi.lib : boot_cortex_m.c.obj (.text:_c_int00_noargs:_c_int00_noargs)
                  000008ec    0000002a     driverlib.lib : gpio.obj (.text:GPIODirModeSet)
                  00000916    00000002     --HOLE-- [fill = 0]
                  00000918    00000020                   : uart.obj (.text:UARTDisable)
                  00000938    00000018                   : gpio.obj (.text:GPIOPinTypeGPIOOutput)
                  00000950    00000014                   : uart.obj (.text:UARTEnable)
                  00000964    00000012                   : gpio.obj (.text:GPIOPinTypeGPIOInput)
                  00000976    00000012                   : gpio.obj (.text:GPIOPinTypeUART)
                  00000988    0000000e     rtsv7M4_T_le_v4SPD16_eabi.lib : copy_decompress_none.c.obj (.text:decompress:none:__TI_decompress_none)
                  00000996    0000000c     tm4c123gh6pm_startup_ccs.obj (.text)
                  000009a2    0000000a     driverlib.lib : uart.obj (.text:UARTCharPut)
                  000009ac    00000006                   : gpio.obj (.text:GPIOPinRead)
                  000009b2    00000006                   : gpio.obj (.text:GPIOPinWrite)
                  000009b8    00000006                   : sysctl.obj (.text:SysCtlDelay)
                  000009be    00000004                   : uart.obj (.text:UARTIntClear)
                  000009c2    00000004     rtsv7M4_T_le_v4SPD16_eabi.lib : pre_init.c.obj (.text:_system_pre_init)
                  000009c6    00000004                                   : exit.c.obj (.text:abort:abort)

.const     0    000009cc    000000fc     
                  000009cc    00000090     driverlib.lib : gpio.obj (.const:g_pui32GPIOBaseAddrs)
                  00000a5c    0000006c                   : sysctl.obj (.const:g_pui32Xtals)

.cinit     0    00000ac8    00000018     
                  00000ac8    00000008     (__TI_handler_table)
                  00000ad0    00000005     (.cinit..data.load) [load image, compression = lzss]
                  00000ad5    00000003     --HOLE-- [fill = 0]
                  00000ad8    00000008     (__TI_cinit_table)

.init_array 
*          0    00000000    00000000     UNINITIALIZED

.data      0    20000200    00000001     UNINITIALIZED
                  20000200    00000001     main.obj (.data)

.stack     0    20000000    00000200     UNINITIALIZED
                  20000000    00000004     rtsv7M4_T_le_v4SPD16_eabi.lib : boot_cortex_m.c.obj (.stack)
                  20000004    000001fc     --HOLE--

__llvm_prf_cnts 
*          0    20000000    00000000     UNINITIALIZED

MODULE SUMMARY

       Module                         code   ro data   rw data
       ------                         ----   -------   -------
    .\
       tm4c123gh6pm_startup_ccs.obj   12     620       0      
       main.obj                       264    0         1      
    +--+------------------------------+------+---------+---------+
       Total:                         276    620       1      
                                                              
    C:/ti/TivaWare_C_Series-2.1.4.178/driverlib/ccs/Debug/driverlib.lib
       sysctl.obj                     574    108       0      
       gpio.obj                       492    144       0      
       uart.obj                       136    0         0      
    +--+------------------------------+------+---------+---------+
       Total:                         1202   252       0      
                                                              
    C:\ti\ccs1100\ccs\tools\compiler\ti-cgt-arm_20.2.5.LTS\lib\rtsv7M4_T_le_v4SPD16_eabi.lib
       memcpy_t2.asm.obj              156    0         0      
       copy_decompress_lzss.c.obj     104    0         0      
       autoinit.c.obj                 68     0         0      
       boot_cortex_m.c.obj            52     0         0      
       copy_decompress_none.c.obj     14     0         0      
       exit.c.obj                     4      0         0      
       pre_init.c.obj                 4      0         0      
    +--+------------------------------+------+---------+---------+
       Total:                         402    0         0      
                                                              
       Stack:                         0      0         512    
       Linker Generated:              0      21        0      
    +--+------------------------------+------+---------+---------+
       Grand Total:                   1880   893       513    


LINKER GENERATED COPY TABLES

__TI_cinit_table @ 00000ad8 records: 1, size/record: 8, table size: 8
	.data: load addr=00000ad0, load size=00000005 bytes, run addr=20000200, run size=00000001 bytes, compression=lzss


LINKER GENERATED HANDLER TABLE

__TI_handler_table @ 00000ac8 records: 2, size/record: 4, table size: 8
	index: 0, handler: __TI_decompress_lzss
	index: 1, handler: __TI_decompress_none


GLOBAL SYMBOLS: SORTED ALPHABETICALLY BY Name 

address   name                          
-------   ----                          
000009c7  C$$EXIT                       
000008ed  GPIODirModeSet                
0000026d  GPIOPadConfigSet              
000007b1  GPIOPinConfigure              
000009ad  GPIOPinRead                   
00000965  GPIOPinTypeGPIOInput          
00000939  GPIOPinTypeGPIOOutput         
00000977  GPIOPinTypeUART               
000009b3  GPIOPinWrite                  
00000997  ResetISR                      
000003a1  SysCtlClockGet                
000005b9  SysCtlClockSet                
000009b9  SysCtlDelay                   
00000885  SysCtlPeripheralEnable        
000009a3  UARTCharPut                   
000007f9  UARTConfigSetExpClk           
00000919  UARTDisable                   
00000951  UARTEnable                    
000009bf  UARTIntClear                  
20000200  __STACK_END                   
00000200  __STACK_SIZE                  
20000200  __STACK_TOP                   
00000ad8  __TI_CINIT_Base               
00000ae0  __TI_CINIT_Limit              
00000ac8  __TI_Handler_Table_Base       
00000ad0  __TI_Handler_Table_Limit      
00000841  __TI_auto_init_nobinit_nopinit
00000749  __TI_decompress_lzss          
00000989  __TI_decompress_none          
ffffffff  __TI_pprof_out_hndl           
ffffffff  __TI_prof_data_size           
ffffffff  __TI_prof_data_start          
00000000  __TI_static_base__            
000006ad  __aeabi_memcpy                
000006ad  __aeabi_memcpy4               
000006ad  __aeabi_memcpy8               
ffffffff  __binit__                     
ffffffff  __c_args__                    
UNDEFED   __mpu_init                    
20000000  __stack                       
20000000  __start___llvm_prf_cnts       
20000000  __stop___llvm_prf_cnts        
000008b9  _c_int00_noargs               
UNDEFED   _system_post_cinit            
000009c3  _system_pre_init              
000009c7  abort                         
20000200  bandera                       
ffffffff  binit                         
00000000  g_pfnVectors                  
000004b1  main                          
000006ad  memcpy                        


GLOBAL SYMBOLS: SORTED BY Symbol Address 

address   name                          
-------   ----                          
00000000  __TI_static_base__            
00000000  g_pfnVectors                  
00000200  __STACK_SIZE                  
0000026d  GPIOPadConfigSet              
000003a1  SysCtlClockGet                
000004b1  main                          
000005b9  SysCtlClockSet                
000006ad  __aeabi_memcpy                
000006ad  __aeabi_memcpy4               
000006ad  __aeabi_memcpy8               
000006ad  memcpy                        
00000749  __TI_decompress_lzss          
000007b1  GPIOPinConfigure              
000007f9  UARTConfigSetExpClk           
00000841  __TI_auto_init_nobinit_nopinit
00000885  SysCtlPeripheralEnable        
000008b9  _c_int00_noargs               
000008ed  GPIODirModeSet                
00000919  UARTDisable                   
00000939  GPIOPinTypeGPIOOutput         
00000951  UARTEnable                    
00000965  GPIOPinTypeGPIOInput          
00000977  GPIOPinTypeUART               
00000989  __TI_decompress_none          
00000997  ResetISR                      
000009a3  UARTCharPut                   
000009ad  GPIOPinRead                   
000009b3  GPIOPinWrite                  
000009b9  SysCtlDelay                   
000009bf  UARTIntClear                  
000009c3  _system_pre_init              
000009c7  C$$EXIT                       
000009c7  abort                         
00000ac8  __TI_Handler_Table_Base       
00000ad0  __TI_Handler_Table_Limit      
00000ad8  __TI_CINIT_Base               
00000ae0  __TI_CINIT_Limit              
20000000  __stack                       
20000000  __start___llvm_prf_cnts       
20000000  __stop___llvm_prf_cnts        
20000200  __STACK_END                   
20000200  __STACK_TOP                   
20000200  bandera                       
ffffffff  __TI_pprof_out_hndl           
ffffffff  __TI_prof_data_size           
ffffffff  __TI_prof_data_start          
ffffffff  __binit__                     
ffffffff  __c_args__                    
ffffffff  binit                         
UNDEFED   __mpu_init                    
UNDEFED   _system_post_cinit            

[51 symbols]
